­ƒÜÇ Iniciando validaci├│n de escenarios complejos de entrega...

prisma:query BEGIN
prisma:query SELECT "public"."clients"."id" FROM "public"."clients" WHERE ("public"."clients"."identification_number" = $1 AND 1=1) OFFSET $2
prisma:query SELECT "public"."clients"."id", "public"."clients"."identification_type", "public"."clients"."identification_number", "public"."clients"."first_name", "public"."clients"."country", "public"."clients"."province", "public"."clients"."city", "public"."clients"."address", "public"."clients"."neighborhood", "public"."clients"."sector", "public"."clients"."email", "public"."clients"."phone1", "public"."clients"."operator1", "public"."clients"."phone2", "public"."clients"."operator2", "public"."clients"."reference", "public"."clients"."is_active", "public"."clients"."created_at", "public"."clients"."updated_at", "public"."clients"."birth_date", "public"."clients"."is_blocked", "public"."clients"."is_whatsapp", "public"."clients"."last_data_update", "public"."clients"."referred_by_id", "public"."clients"."last_order_date", "public"."clients"."last_brand_name", "public"."clients"."created_by_name" FROM "public"."clients" WHERE ("public"."clients"."id" = $1 AND ("public"."clients"."identification_number" = $2 AND 1=1)) LIMIT $3 OFFSET $4
prisma:query SELECT "public"."clients"."id", "public"."clients"."identification_type", "public"."clients"."identification_number", "public"."clients"."first_name", "public"."clients"."country", "public"."clients"."province", "public"."clients"."city", "public"."clients"."address", "public"."clients"."neighborhood", "public"."clients"."sector", "public"."clients"."email", "public"."clients"."phone1", "public"."clients"."operator1", "public"."clients"."phone2", "public"."clients"."operator2", "public"."clients"."reference", "public"."clients"."is_active", "public"."clients"."created_at", "public"."clients"."updated_at", "public"."clients"."birth_date", "public"."clients"."is_blocked", "public"."clients"."is_whatsapp", "public"."clients"."last_data_update", "public"."clients"."referred_by_id", "public"."clients"."last_order_date", "public"."clients"."last_brand_name", "public"."clients"."created_by_name" FROM "public"."clients" WHERE "public"."clients"."id" = $1 LIMIT $2 OFFSET $3
prisma:query COMMIT
prisma:query INSERT INTO "public"."client_accounts" ("id","client_id","total_credit_available","total_reward_points","total_orders","total_spent","reward_level","created_at","updated_at","version") VALUES ($1,$2,$3,$4,$5,$6,$7,$8,$9,$10) ON CONFLICT ("client_id") DO UPDATE SET "total_credit_available" = $11, "updated_at" = $12 WHERE ("public"."client_accounts"."client_id" = $13 AND 1=1) RETURNING "public"."client_accounts"."id", "public"."client_accounts"."client_id", "public"."client_accounts"."total_credit_available", "public"."client_accounts"."total_reward_points", "public"."client_accounts"."total_orders", "public"."client_accounts"."total_spent", "public"."client_accounts"."reward_level", "public"."client_accounts"."created_at", "public"."client_accounts"."updated_at", "public"."client_accounts"."version"
prisma:query SELECT "public"."brands"."id", "public"."brands"."name", "public"."brands"."description", "public"."brands"."is_active", "public"."brands"."created_at" FROM "public"."brands" WHERE 1=1 LIMIT $1 OFFSET $2
prisma:query SELECT "public"."bank_accounts"."id", "public"."bank_accounts"."name", "public"."bank_accounts"."type", "public"."bank_accounts"."holder_name", "public"."bank_accounts"."bank_name", "public"."bank_accounts"."account_number", "public"."bank_accounts"."current_balance", "public"."bank_accounts"."is_active", "public"."bank_accounts"."description", "public"."bank_accounts"."created_at", "public"."bank_accounts"."updated_at", "public"."bank_accounts"."version" FROM "public"."bank_accounts" WHERE "public"."bank_accounts"."type" = $1 LIMIT $2 OFFSET $3
Ô£à Entorno preparado.
­ƒôª Creando pedidos con saldo a favor...
prisma:query INSERT INTO "public"."orders" ("id","receipt_number","sales_channel","type","brand_id","total","real_invoice_total","payment_method","transaction_date","possible_delivery_date","status","client_id","client_name","created_at","updated_at","version","order_number","document_type") VALUES ($1,$2,$3,$4,$5,$6,$7,$8,$9,$10,$11,$12,$13,$14,$15,$16,$17,$18) RETURNING "public"."orders"."id", "public"."orders"."receipt_number", "public"."orders"."sales_channel", "public"."orders"."type", "public"."orders"."brand_id", "public"."orders"."total", "public"."orders"."real_invoice_total", "public"."orders"."payment_method", "public"."orders"."bank_account_id", "public"."orders"."transaction_date", "public"."orders"."possible_delivery_date", "public"."orders"."reception_date", "public"."orders"."delivery_date", "public"."orders"."invoice_number", "public"."orders"."credit_note_number", "public"."orders"."credit_note_total", "public"."orders"."status", "public"."orders"."client_id", "public"."orders"."client_name", "public"."orders"."notes", "public"."orders"."created_at", "public"."orders"."updated_at", "public"."orders"."version", "public"."orders"."created_by_name", "public"."orders"."delivered_by_name", "public"."orders"."received_by_name", "public"."orders"."change_status", "public"."orders"."parent_order_id", "public"."orders"."tracking_guide", "public"."orders"."order_number", "public"."orders"."receipt_id", "public"."orders"."document_type", "public"."orders"."packing_number", "public"."orders"."packing_total", "public"."orders"."reception_batch_id", "public"."orders"."loyalty_redemption_id", "public"."orders"."exchange_item_id"
prisma:query INSERT INTO "public"."order_payments" ("id","order_id","amount","method","description","created_at") VALUES ($1,$2,$3,$4,$5,$6) RETURNING "public"."order_payments"."id", "public"."order_payments"."order_id", "public"."order_payments"."amount", "public"."order_payments"."method", "public"."order_payments"."reference", "public"."order_payments"."description", "public"."order_payments"."created_at", "public"."order_payments"."receipt_number", "public"."order_payments"."processing_request_id"
prisma:query INSERT INTO "public"."orders" ("id","receipt_number","sales_channel","type","brand_id","total","real_invoice_total","payment_method","transaction_date","possible_delivery_date","status","client_id","client_name","created_at","updated_at","version","order_number","document_type") VALUES ($1,$2,$3,$4,$5,$6,$7,$8,$9,$10,$11,$12,$13,$14,$15,$16,$17,$18) RETURNING "public"."orders"."id", "public"."orders"."receipt_number", "public"."orders"."sales_channel", "public"."orders"."type", "public"."orders"."brand_id", "public"."orders"."total", "public"."orders"."real_invoice_total", "public"."orders"."payment_method", "public"."orders"."bank_account_id", "public"."orders"."transaction_date", "public"."orders"."possible_delivery_date", "public"."orders"."reception_date", "public"."orders"."delivery_date", "public"."orders"."invoice_number", "public"."orders"."credit_note_number", "public"."orders"."credit_note_total", "public"."orders"."status", "public"."orders"."client_id", "public"."orders"."client_name", "public"."orders"."notes", "public"."orders"."created_at", "public"."orders"."updated_at", "public"."orders"."version", "public"."orders"."created_by_name", "public"."orders"."delivered_by_name", "public"."orders"."received_by_name", "public"."orders"."change_status", "public"."orders"."parent_order_id", "public"."orders"."tracking_guide", "public"."orders"."order_number", "public"."orders"."receipt_id", "public"."orders"."document_type", "public"."orders"."packing_number", "public"."orders"."packing_total", "public"."orders"."reception_batch_id", "public"."orders"."loyalty_redemption_id", "public"."orders"."exchange_item_id"
prisma:query INSERT INTO "public"."order_payments" ("id","order_id","amount","method","description","created_at") VALUES ($1,$2,$3,$4,$5,$6) RETURNING "public"."order_payments"."id", "public"."order_payments"."order_id", "public"."order_payments"."amount", "public"."order_payments"."method", "public"."order_payments"."reference", "public"."order_payments"."description", "public"."order_payments"."created_at", "public"."order_payments"."receipt_number", "public"."order_payments"."processing_request_id"
prisma:query INSERT INTO "public"."orders" ("id","receipt_number","sales_channel","type","brand_id","total","real_invoice_total","payment_method","transaction_date","possible_delivery_date","status","client_id","client_name","created_at","updated_at","version","order_number","document_type") VALUES ($1,$2,$3,$4,$5,$6,$7,$8,$9,$10,$11,$12,$13,$14,$15,$16,$17,$18) RETURNING "public"."orders"."id", "public"."orders"."receipt_number", "public"."orders"."sales_channel", "public"."orders"."type", "public"."orders"."brand_id", "public"."orders"."total", "public"."orders"."real_invoice_total", "public"."orders"."payment_method", "public"."orders"."bank_account_id", "public"."orders"."transaction_date", "public"."orders"."possible_delivery_date", "public"."orders"."reception_date", "public"."orders"."delivery_date", "public"."orders"."invoice_number", "public"."orders"."credit_note_number", "public"."orders"."credit_note_total", "public"."orders"."status", "public"."orders"."client_id", "public"."orders"."client_name", "public"."orders"."notes", "public"."orders"."created_at", "public"."orders"."updated_at", "public"."orders"."version", "public"."orders"."created_by_name", "public"."orders"."delivered_by_name", "public"."orders"."received_by_name", "public"."orders"."change_status", "public"."orders"."parent_order_id", "public"."orders"."tracking_guide", "public"."orders"."order_number", "public"."orders"."receipt_id", "public"."orders"."document_type", "public"."orders"."packing_number", "public"."orders"."packing_total", "public"."orders"."reception_batch_id", "public"."orders"."loyalty_redemption_id", "public"."orders"."exchange_item_id"
prisma:query INSERT INTO "public"."order_payments" ("id","order_id","amount","method","description","created_at") VALUES ($1,$2,$3,$4,$5,$6) RETURNING "public"."order_payments"."id", "public"."order_payments"."order_id", "public"."order_payments"."amount", "public"."order_payments"."method", "public"."order_payments"."reference", "public"."order_payments"."description", "public"."order_payments"."created_at", "public"."order_payments"."receipt_number", "public"."order_payments"."processing_request_id"
prisma:query INSERT INTO "public"."orders" ("id","receipt_number","sales_channel","type","brand_id","total","real_invoice_total","payment_method","transaction_date","possible_delivery_date","status","client_id","client_name","created_at","updated_at","version","order_number","document_type") VALUES ($1,$2,$3,$4,$5,$6,$7,$8,$9,$10,$11,$12,$13,$14,$15,$16,$17,$18) RETURNING "public"."orders"."id", "public"."orders"."receipt_number", "public"."orders"."sales_channel", "public"."orders"."type", "public"."orders"."brand_id", "public"."orders"."total", "public"."orders"."real_invoice_total", "public"."orders"."payment_method", "public"."orders"."bank_account_id", "public"."orders"."transaction_date", "public"."orders"."possible_delivery_date", "public"."orders"."reception_date", "public"."orders"."delivery_date", "public"."orders"."invoice_number", "public"."orders"."credit_note_number", "public"."orders"."credit_note_total", "public"."orders"."status", "public"."orders"."client_id", "public"."orders"."client_name", "public"."orders"."notes", "public"."orders"."created_at", "public"."orders"."updated_at", "public"."orders"."version", "public"."orders"."created_by_name", "public"."orders"."delivered_by_name", "public"."orders"."received_by_name", "public"."orders"."change_status", "public"."orders"."parent_order_id", "public"."orders"."tracking_guide", "public"."orders"."order_number", "public"."orders"."receipt_id", "public"."orders"."document_type", "public"."orders"."packing_number", "public"."orders"."packing_total", "public"."orders"."reception_batch_id", "public"."orders"."loyalty_redemption_id", "public"."orders"."exchange_item_id"
prisma:query INSERT INTO "public"."order_payments" ("id","order_id","amount","method","description","created_at") VALUES ($1,$2,$3,$4,$5,$6) RETURNING "public"."order_payments"."id", "public"."order_payments"."order_id", "public"."order_payments"."amount", "public"."order_payments"."method", "public"."order_payments"."reference", "public"."order_payments"."description", "public"."order_payments"."created_at", "public"."order_payments"."receipt_number", "public"."order_payments"."processing_request_id"
­ƒôª Creando pedidos con saldo pendiente...
prisma:query INSERT INTO "public"."orders" ("id","receipt_number","sales_channel","type","brand_id","total","payment_method","transaction_date","possible_delivery_date","status","client_id","client_name","created_at","updated_at","version","order_number","document_type") VALUES ($1,$2,$3,$4,$5,$6,$7,$8,$9,$10,$11,$12,$13,$14,$15,$16,$17) RETURNING "public"."orders"."id", "public"."orders"."receipt_number", "public"."orders"."sales_channel", "public"."orders"."type", "public"."orders"."brand_id", "public"."orders"."total", "public"."orders"."real_invoice_total", "public"."orders"."payment_method", "public"."orders"."bank_account_id", "public"."orders"."transaction_date", "public"."orders"."possible_delivery_date", "public"."orders"."reception_date", "public"."orders"."delivery_date", "public"."orders"."invoice_number", "public"."orders"."credit_note_number", "public"."orders"."credit_note_total", "public"."orders"."status", "public"."orders"."client_id", "public"."orders"."client_name", "public"."orders"."notes", "public"."orders"."created_at", "public"."orders"."updated_at", "public"."orders"."version", "public"."orders"."created_by_name", "public"."orders"."delivered_by_name", "public"."orders"."received_by_name", "public"."orders"."change_status", "public"."orders"."parent_order_id", "public"."orders"."tracking_guide", "public"."orders"."order_number", "public"."orders"."receipt_id", "public"."orders"."document_type", "public"."orders"."packing_number", "public"."orders"."packing_total", "public"."orders"."reception_batch_id", "public"."orders"."loyalty_redemption_id", "public"."orders"."exchange_item_id"
prisma:query INSERT INTO "public"."orders" ("id","receipt_number","sales_channel","type","brand_id","total","payment_method","transaction_date","possible_delivery_date","status","client_id","client_name","created_at","updated_at","version","order_number","document_type") VALUES ($1,$2,$3,$4,$5,$6,$7,$8,$9,$10,$11,$12,$13,$14,$15,$16,$17) RETURNING "public"."orders"."id", "public"."orders"."receipt_number", "public"."orders"."sales_channel", "public"."orders"."type", "public"."orders"."brand_id", "public"."orders"."total", "public"."orders"."real_invoice_total", "public"."orders"."payment_method", "public"."orders"."bank_account_id", "public"."orders"."transaction_date", "public"."orders"."possible_delivery_date", "public"."orders"."reception_date", "public"."orders"."delivery_date", "public"."orders"."invoice_number", "public"."orders"."credit_note_number", "public"."orders"."credit_note_total", "public"."orders"."status", "public"."orders"."client_id", "public"."orders"."client_name", "public"."orders"."notes", "public"."orders"."created_at", "public"."orders"."updated_at", "public"."orders"."version", "public"."orders"."created_by_name", "public"."orders"."delivered_by_name", "public"."orders"."received_by_name", "public"."orders"."change_status", "public"."orders"."parent_order_id", "public"."orders"."tracking_guide", "public"."orders"."order_number", "public"."orders"."receipt_id", "public"."orders"."document_type", "public"."orders"."packing_number", "public"."orders"."packing_total", "public"."orders"."reception_batch_id", "public"."orders"."loyalty_redemption_id", "public"."orders"."exchange_item_id"
­ƒº¬ Ejecutando BatchDeliverOrders...
prisma:query BEGIN
prisma:query SELECT "public"."bank_accounts"."id", "public"."bank_accounts"."name", "public"."bank_accounts"."type", "public"."bank_accounts"."holder_name", "public"."bank_accounts"."bank_name", "public"."bank_accounts"."account_number", "public"."bank_accounts"."current_balance", "public"."bank_accounts"."is_active", "public"."bank_accounts"."description", "public"."bank_accounts"."created_at", "public"."bank_accounts"."updated_at", "public"."bank_accounts"."version" FROM "public"."bank_accounts" WHERE ("public"."bank_accounts"."type" = $1 AND "public"."bank_accounts"."is_active" = $2) LIMIT $3 OFFSET $4
prisma:query SELECT "public"."orders"."id", "public"."orders"."receipt_number", "public"."orders"."sales_channel", "public"."orders"."type", "public"."orders"."brand_id", "public"."orders"."total", "public"."orders"."real_invoice_total", "public"."orders"."payment_method", "public"."orders"."bank_account_id", "public"."orders"."transaction_date", "public"."orders"."possible_delivery_date", "public"."orders"."reception_date", "public"."orders"."delivery_date", "public"."orders"."invoice_number", "public"."orders"."credit_note_number", "public"."orders"."credit_note_total", "public"."orders"."status", "public"."orders"."client_id", "public"."orders"."client_name", "public"."orders"."notes", "public"."orders"."created_at", "public"."orders"."updated_at", "public"."orders"."version", "public"."orders"."created_by_name", "public"."orders"."delivered_by_name", "public"."orders"."received_by_name", "public"."orders"."change_status", "public"."orders"."parent_order_id", "public"."orders"."tracking_guide", "public"."orders"."order_number", "public"."orders"."receipt_id", "public"."orders"."document_type", "public"."orders"."packing_number", "public"."orders"."packing_total", "public"."orders"."reception_batch_id", "public"."orders"."loyalty_redemption_id", "public"."orders"."exchange_item_id" FROM "public"."orders" WHERE "public"."orders"."id" IN ($1,$2) OFFSET $3
prisma:query SELECT "public"."clients"."id", "public"."clients"."identification_type", "public"."clients"."identification_number", "public"."clients"."first_name", "public"."clients"."country", "public"."clients"."province", "public"."clients"."city", "public"."clients"."address", "public"."clients"."neighborhood", "public"."clients"."sector", "public"."clients"."email", "public"."clients"."phone1", "public"."clients"."operator1", "public"."clients"."phone2", "public"."clients"."operator2", "public"."clients"."reference", "public"."clients"."is_active", "public"."clients"."created_at", "public"."clients"."updated_at", "public"."clients"."birth_date", "public"."clients"."is_blocked", "public"."clients"."is_whatsapp", "public"."clients"."last_data_update", "public"."clients"."referred_by_id", "public"."clients"."last_order_date", "public"."clients"."last_brand_name", "public"."clients"."created_by_name" FROM "public"."clients" WHERE "public"."clients"."id" IN ($1) OFFSET $2
prisma:query SELECT "public"."client_accounts"."id", "public"."client_accounts"."client_id", "public"."client_accounts"."total_credit_available", "public"."client_accounts"."total_reward_points", "public"."client_accounts"."total_orders", "public"."client_accounts"."total_spent", "public"."client_accounts"."reward_level", "public"."client_accounts"."created_at", "public"."client_accounts"."updated_at", "public"."client_accounts"."version" FROM "public"."client_accounts" WHERE "public"."client_accounts"."client_id" IN ($1) OFFSET $2
prisma:query SELECT "public"."order_payments"."id", "public"."order_payments"."order_id", "public"."order_payments"."amount", "public"."order_payments"."method", "public"."order_payments"."reference", "public"."order_payments"."description", "public"."order_payments"."created_at", "public"."order_payments"."receipt_number", "public"."order_payments"."processing_request_id" FROM "public"."order_payments" WHERE "public"."order_payments"."order_id" IN ($1,$2) OFFSET $3
prisma:query SELECT "public"."brands"."id", "public"."brands"."name", "public"."brands"."description", "public"."brands"."is_active", "public"."brands"."created_at" FROM "public"."brands" WHERE "public"."brands"."id" IN ($1) OFFSET $2
prisma:query SELECT "public"."bank_accounts"."id", "public"."bank_accounts"."current_balance" FROM "public"."bank_accounts" WHERE ("public"."bank_accounts"."id" = $1 AND 1=1) LIMIT $2 OFFSET $3
prisma:query INSERT INTO "public"."financial_records" ("id","type","reference_number","amount","date","client_id","client_name","created_by","notes","bank_account_id","source","payment_method","movement_type","created_at","version","from_account_type","to_account_type","balance_before","balance_after") VALUES ($1,$2,$3,$4,$5,$6,$7,$8,$9,$10,$11,$12,$13,$14,$15,$16,$17,$18,$19) RETURNING "public"."financial_records"."id", "public"."financial_records"."type", "public"."financial_records"."reference_number", "public"."financial_records"."amount", "public"."financial_records"."date", "public"."financial_records"."client_id", "public"."financial_records"."client_name", "public"."financial_records"."order_id", "public"."financial_records"."created_by", "public"."financial_records"."notes", "public"."financial_records"."bank_account_id", "public"."financial_records"."source", "public"."financial_records"."payment_method", "public"."financial_records"."movement_type", "public"."financial_records"."created_at", "public"."financial_records"."version", "public"."financial_records"."order_payment_id", "public"."financial_records"."user_reference", "public"."financial_records"."from_account_type", "public"."financial_records"."to_account_type", "public"."financial_records"."transaction_group_id", "public"."financial_records"."balance_before", "public"."financial_records"."balance_after", "public"."financial_records"."client_document"
prisma:query SELECT "public"."bank_accounts"."id", "public"."bank_accounts"."current_balance", "public"."bank_accounts"."version", "public"."bank_accounts"."name" FROM "public"."bank_accounts" WHERE ("public"."bank_accounts"."id" = $1 AND 1=1) LIMIT $2 OFFSET $3
prisma:query UPDATE "public"."bank_accounts" SET "current_balance" = ("public"."bank_accounts"."current_balance" + $1), "updated_at" = $2, "version" = ("public"."bank_accounts"."version" + $3) WHERE ("public"."bank_accounts"."id" = $4 AND "public"."bank_accounts"."version" = $5)
prisma:query INSERT INTO "public"."order_payments" ("id","order_id","amount","method","description","created_at") VALUES ($1,$2,$3,$4,$5,$6) RETURNING "public"."order_payments"."id", "public"."order_payments"."order_id", "public"."order_payments"."amount", "public"."order_payments"."method", "public"."order_payments"."reference", "public"."order_payments"."description", "public"."order_payments"."created_at", "public"."order_payments"."receipt_number", "public"."order_payments"."processing_request_id"
prisma:query UPDATE "public"."orders" SET "status" = $1, "delivery_date" = $2, "delivered_by_name" = $3, "updated_at" = $4, "version" = ("public"."orders"."version" + $5) WHERE ("public"."orders"."id" = $6 AND 1=1) RETURNING "public"."orders"."id", "public"."orders"."receipt_number", "public"."orders"."sales_channel", "public"."orders"."type", "public"."orders"."brand_id", "public"."orders"."total", "public"."orders"."real_invoice_total", "public"."orders"."payment_method", "public"."orders"."bank_account_id", "public"."orders"."transaction_date", "public"."orders"."possible_delivery_date", "public"."orders"."reception_date", "public"."orders"."delivery_date", "public"."orders"."invoice_number", "public"."orders"."credit_note_number", "public"."orders"."credit_note_total", "public"."orders"."status", "public"."orders"."client_id", "public"."orders"."client_name", "public"."orders"."notes", "public"."orders"."created_at", "public"."orders"."updated_at", "public"."orders"."version", "public"."orders"."created_by_name", "public"."orders"."delivered_by_name", "public"."orders"."received_by_name", "public"."orders"."change_status", "public"."orders"."parent_order_id", "public"."orders"."tracking_guide", "public"."orders"."order_number", "public"."orders"."receipt_id", "public"."orders"."document_type", "public"."orders"."packing_number", "public"."orders"."packing_total", "public"."orders"."reception_batch_id", "public"."orders"."loyalty_redemption_id", "public"."orders"."exchange_item_id"
prisma:query INSERT INTO "public"."inventory_movements" ("id","order_id","client_id","brand_id","type","created_by","notes","created_at") VALUES ($1,$2,$3,$4,$5,$6,$7,$8) RETURNING "public"."inventory_movements"."id", "public"."inventory_movements"."order_id", "public"."inventory_movements"."client_id", "public"."inventory_movements"."brand_id", "public"."inventory_movements"."type", "public"."inventory_movements"."created_by", "public"."inventory_movements"."notes", "public"."inventory_movements"."created_at"
prisma:query UPDATE "public"."orders" SET "status" = $1, "delivery_date" = $2, "delivered_by_name" = $3, "updated_at" = $4, "version" = ("public"."orders"."version" + $5) WHERE ("public"."orders"."id" = $6 AND 1=1) RETURNING "public"."orders"."id", "public"."orders"."receipt_number", "public"."orders"."sales_channel", "public"."orders"."type", "public"."orders"."brand_id", "public"."orders"."total", "public"."orders"."real_invoice_total", "public"."orders"."payment_method", "public"."orders"."bank_account_id", "public"."orders"."transaction_date", "public"."orders"."possible_delivery_date", "public"."orders"."reception_date", "public"."orders"."delivery_date", "public"."orders"."invoice_number", "public"."orders"."credit_note_number", "public"."orders"."credit_note_total", "public"."orders"."status", "public"."orders"."client_id", "public"."orders"."client_name", "public"."orders"."notes", "public"."orders"."created_at", "public"."orders"."updated_at", "public"."orders"."version", "public"."orders"."created_by_name", "public"."orders"."delivered_by_name", "public"."orders"."received_by_name", "public"."orders"."change_status", "public"."orders"."parent_order_id", "public"."orders"."tracking_guide", "public"."orders"."order_number", "public"."orders"."receipt_id", "public"."orders"."document_type", "public"."orders"."packing_number", "public"."orders"."packing_total", "public"."orders"."reception_batch_id", "public"."orders"."loyalty_redemption_id", "public"."orders"."exchange_item_id"
prisma:query INSERT INTO "public"."inventory_movements" ("id","order_id","client_id","brand_id","type","created_by","notes","created_at") VALUES ($1,$2,$3,$4,$5,$6,$7,$8) RETURNING "public"."inventory_movements"."id", "public"."inventory_movements"."order_id", "public"."inventory_movements"."client_id", "public"."inventory_movements"."brand_id", "public"."inventory_movements"."type", "public"."inventory_movements"."created_by", "public"."inventory_movements"."notes", "public"."inventory_movements"."created_at"
[BatchDeliverOrders] Processing distributions: 4
prisma:query SELECT "public"."orders"."id", "public"."orders"."receipt_number", "public"."orders"."sales_channel", "public"."orders"."type", "public"."orders"."brand_id", "public"."orders"."total", "public"."orders"."real_invoice_total", "public"."orders"."payment_method", "public"."orders"."bank_account_id", "public"."orders"."transaction_date", "public"."orders"."possible_delivery_date", "public"."orders"."reception_date", "public"."orders"."delivery_date", "public"."orders"."invoice_number", "public"."orders"."credit_note_number", "public"."orders"."credit_note_total", "public"."orders"."status", "public"."orders"."client_id", "public"."orders"."client_name", "public"."orders"."notes", "public"."orders"."created_at", "public"."orders"."updated_at", "public"."orders"."version", "public"."orders"."created_by_name", "public"."orders"."delivered_by_name", "public"."orders"."received_by_name", "public"."orders"."change_status", "public"."orders"."parent_order_id", "public"."orders"."tracking_guide", "public"."orders"."order_number", "public"."orders"."receipt_id", "public"."orders"."document_type", "public"."orders"."packing_number", "public"."orders"."packing_total", "public"."orders"."reception_batch_id", "public"."orders"."loyalty_redemption_id", "public"."orders"."exchange_item_id" FROM "public"."orders" WHERE "public"."orders"."id" IN ($1,$2,$3) OFFSET $4
prisma:query SELECT "public"."brands"."id", "public"."brands"."name", "public"."brands"."description", "public"."brands"."is_active", "public"."brands"."created_at" FROM "public"."brands" WHERE "public"."brands"."id" IN ($1) OFFSET $2
[BatchDeliverOrders] Source order not in current batch, fetching from DB: f64cd500-06aa-4704-bb1b-b946c6eebc8e
prisma:query SELECT "public"."orders"."id", "public"."orders"."receipt_number", "public"."orders"."sales_channel", "public"."orders"."type", "public"."orders"."brand_id", "public"."orders"."total", "public"."orders"."real_invoice_total", "public"."orders"."payment_method", "public"."orders"."bank_account_id", "public"."orders"."transaction_date", "public"."orders"."possible_delivery_date", "public"."orders"."reception_date", "public"."orders"."delivery_date", "public"."orders"."invoice_number", "public"."orders"."credit_note_number", "public"."orders"."credit_note_total", "public"."orders"."status", "public"."orders"."client_id", "public"."orders"."client_name", "public"."orders"."notes", "public"."orders"."created_at", "public"."orders"."updated_at", "public"."orders"."version", "public"."orders"."created_by_name", "public"."orders"."delivered_by_name", "public"."orders"."received_by_name", "public"."orders"."change_status", "public"."orders"."parent_order_id", "public"."orders"."tracking_guide", "public"."orders"."order_number", "public"."orders"."receipt_id", "public"."orders"."document_type", "public"."orders"."packing_number", "public"."orders"."packing_total", "public"."orders"."reception_batch_id", "public"."orders"."loyalty_redemption_id", "public"."orders"."exchange_item_id" FROM "public"."orders" WHERE ("public"."orders"."id" = $1 AND 1=1) LIMIT $2 OFFSET $3
prisma:query SELECT "public"."brands"."id", "public"."brands"."name", "public"."brands"."description", "public"."brands"."is_active", "public"."brands"."created_at" FROM "public"."brands" WHERE "public"."brands"."id" IN ($1) OFFSET $2
prisma:query INSERT INTO "public"."order_payments" ("id","order_id","amount","method","description","created_at") VALUES ($1,$2,$3,$4,$5,$6) RETURNING "public"."order_payments"."id", "public"."order_payments"."order_id", "public"."order_payments"."amount", "public"."order_payments"."method", "public"."order_payments"."reference", "public"."order_payments"."description", "public"."order_payments"."created_at", "public"."order_payments"."receipt_number", "public"."order_payments"."processing_request_id"
prisma:query INSERT INTO "public"."financial_records" ("id","type","reference_number","amount","date","client_id","client_name","order_id","created_by","notes","bank_account_id","source","payment_method","movement_type","created_at","version","from_account_type","to_account_type","transaction_group_id","balance_before","balance_after") VALUES ($1,$2,$3,$4,$5,$6,$7,$8,$9,$10,$11,$12,$13,$14,$15,$16,$17,$18,$19,$20,$21) RETURNING "public"."financial_records"."id", "public"."financial_records"."type", "public"."financial_records"."reference_number", "public"."financial_records"."amount", "public"."financial_records"."date", "public"."financial_records"."client_id", "public"."financial_records"."client_name", "public"."financial_records"."order_id", "public"."financial_records"."created_by", "public"."financial_records"."notes", "public"."financial_records"."bank_account_id", "public"."financial_records"."source", "public"."financial_records"."payment_method", "public"."financial_records"."movement_type", "public"."financial_records"."created_at", "public"."financial_records"."version", "public"."financial_records"."order_payment_id", "public"."financial_records"."user_reference", "public"."financial_records"."from_account_type", "public"."financial_records"."to_account_type", "public"."financial_records"."transaction_group_id", "public"."financial_records"."balance_before", "public"."financial_records"."balance_after", "public"."financial_records"."client_document"
prisma:query INSERT INTO "public"."financial_records" ("id","type","reference_number","amount","date","client_id","client_name","order_id","created_by","notes","bank_account_id","source","payment_method","movement_type","created_at","version","from_account_type","to_account_type","transaction_group_id","balance_before","balance_after") VALUES ($1,$2,$3,$4,$5,$6,$7,$8,$9,$10,$11,$12,$13,$14,$15,$16,$17,$18,$19,$20,$21) RETURNING "public"."financial_records"."id", "public"."financial_records"."type", "public"."financial_records"."reference_number", "public"."financial_records"."amount", "public"."financial_records"."date", "public"."financial_records"."client_id", "public"."financial_records"."client_name", "public"."financial_records"."order_id", "public"."financial_records"."created_by", "public"."financial_records"."notes", "public"."financial_records"."bank_account_id", "public"."financial_records"."source", "public"."financial_records"."payment_method", "public"."financial_records"."movement_type", "public"."financial_records"."created_at", "public"."financial_records"."version", "public"."financial_records"."order_payment_id", "public"."financial_records"."user_reference", "public"."financial_records"."from_account_type", "public"."financial_records"."to_account_type", "public"."financial_records"."transaction_group_id", "public"."financial_records"."balance_before", "public"."financial_records"."balance_after", "public"."financial_records"."client_document"
[BatchDeliverOrders] Source order not in current batch, fetching from DB: 2fa3159b-934d-4d5e-969b-4a7b9943ef40
prisma:query SELECT "public"."orders"."id", "public"."orders"."receipt_number", "public"."orders"."sales_channel", "public"."orders"."type", "public"."orders"."brand_id", "public"."orders"."total", "public"."orders"."real_invoice_total", "public"."orders"."payment_method", "public"."orders"."bank_account_id", "public"."orders"."transaction_date", "public"."orders"."possible_delivery_date", "public"."orders"."reception_date", "public"."orders"."delivery_date", "public"."orders"."invoice_number", "public"."orders"."credit_note_number", "public"."orders"."credit_note_total", "public"."orders"."status", "public"."orders"."client_id", "public"."orders"."client_name", "public"."orders"."notes", "public"."orders"."created_at", "public"."orders"."updated_at", "public"."orders"."version", "public"."orders"."created_by_name", "public"."orders"."delivered_by_name", "public"."orders"."received_by_name", "public"."orders"."change_status", "public"."orders"."parent_order_id", "public"."orders"."tracking_guide", "public"."orders"."order_number", "public"."orders"."receipt_id", "public"."orders"."document_type", "public"."orders"."packing_number", "public"."orders"."packing_total", "public"."orders"."reception_batch_id", "public"."orders"."loyalty_redemption_id", "public"."orders"."exchange_item_id" FROM "public"."orders" WHERE ("public"."orders"."id" = $1 AND 1=1) LIMIT $2 OFFSET $3
prisma:query SELECT "public"."brands"."id", "public"."brands"."name", "public"."brands"."description", "public"."brands"."is_active", "public"."brands"."created_at" FROM "public"."brands" WHERE "public"."brands"."id" IN ($1) OFFSET $2
prisma:query INSERT INTO "public"."order_payments" ("id","order_id","amount","method","description","created_at") VALUES ($1,$2,$3,$4,$5,$6) RETURNING "public"."order_payments"."id", "public"."order_payments"."order_id", "public"."order_payments"."amount", "public"."order_payments"."method", "public"."order_payments"."reference", "public"."order_payments"."description", "public"."order_payments"."created_at", "public"."order_payments"."receipt_number", "public"."order_payments"."processing_request_id"
prisma:query INSERT INTO "public"."financial_records" ("id","type","reference_number","amount","date","client_id","client_name","order_id","created_by","notes","bank_account_id","source","payment_method","movement_type","created_at","version","from_account_type","to_account_type","transaction_group_id","balance_before","balance_after") VALUES ($1,$2,$3,$4,$5,$6,$7,$8,$9,$10,$11,$12,$13,$14,$15,$16,$17,$18,$19,$20,$21) RETURNING "public"."financial_records"."id", "public"."financial_records"."type", "public"."financial_records"."reference_number", "public"."financial_records"."amount", "public"."financial_records"."date", "public"."financial_records"."client_id", "public"."financial_records"."client_name", "public"."financial_records"."order_id", "public"."financial_records"."created_by", "public"."financial_records"."notes", "public"."financial_records"."bank_account_id", "public"."financial_records"."source", "public"."financial_records"."payment_method", "public"."financial_records"."movement_type", "public"."financial_records"."created_at", "public"."financial_records"."version", "public"."financial_records"."order_payment_id", "public"."financial_records"."user_reference", "public"."financial_records"."from_account_type", "public"."financial_records"."to_account_type", "public"."financial_records"."transaction_group_id", "public"."financial_records"."balance_before", "public"."financial_records"."balance_after", "public"."financial_records"."client_document"
prisma:query INSERT INTO "public"."financial_records" ("id","type","reference_number","amount","date","client_id","client_name","order_id","created_by","notes","bank_account_id","source","payment_method","movement_type","created_at","version","from_account_type","to_account_type","transaction_group_id","balance_before","balance_after") VALUES ($1,$2,$3,$4,$5,$6,$7,$8,$9,$10,$11,$12,$13,$14,$15,$16,$17,$18,$19,$20,$21) RETURNING "public"."financial_records"."id", "public"."financial_records"."type", "public"."financial_records"."reference_number", "public"."financial_records"."amount", "public"."financial_records"."date", "public"."financial_records"."client_id", "public"."financial_records"."client_name", "public"."financial_records"."order_id", "public"."financial_records"."created_by", "public"."financial_records"."notes", "public"."financial_records"."bank_account_id", "public"."financial_records"."source", "public"."financial_records"."payment_method", "public"."financial_records"."movement_type", "public"."financial_records"."created_at", "public"."financial_records"."version", "public"."financial_records"."order_payment_id", "public"."financial_records"."user_reference", "public"."financial_records"."from_account_type", "public"."financial_records"."to_account_type", "public"."financial_records"."transaction_group_id", "public"."financial_records"."balance_before", "public"."financial_records"."balance_after", "public"."financial_records"."client_document"
prisma:query SELECT "public"."client_accounts"."id", "public"."client_accounts"."total_credit_available", "public"."client_accounts"."version" FROM "public"."client_accounts" WHERE ("public"."client_accounts"."id" = $1 AND 1=1) LIMIT $2 OFFSET $3
prisma:query INSERT INTO "public"."client_credits" ("id","client_account_id","amount","remaining_amount","origin_transaction_id","origin_order_id","status","created_at","version") VALUES ($1,$2,$3,$4,$5,$6,$7,$8,$9) RETURNING "public"."client_credits"."id", "public"."client_credits"."client_account_id", "public"."client_credits"."amount", "public"."client_credits"."remaining_amount", "public"."client_credits"."origin_transaction_id", "public"."client_credits"."origin_order_id", "public"."client_credits"."status", "public"."client_credits"."created_at", "public"."client_credits"."used_at", "public"."client_credits"."version"
prisma:query INSERT INTO "public"."financial_records" ("id","type","reference_number","amount","date","client_id","client_name","order_id","created_by","notes","bank_account_id","source","payment_method","movement_type","created_at","version","from_account_type","to_account_type","balance_before","balance_after") VALUES ($1,$2,$3,$4,$5,$6,$7,$8,$9,$10,$11,$12,$13,$14,$15,$16,$17,$18,$19,$20) RETURNING "public"."financial_records"."id", "public"."financial_records"."type", "public"."financial_records"."reference_number", "public"."financial_records"."amount", "public"."financial_records"."date", "public"."financial_records"."client_id", "public"."financial_records"."client_name", "public"."financial_records"."order_id", "public"."financial_records"."created_by", "public"."financial_records"."notes", "public"."financial_records"."bank_account_id", "public"."financial_records"."source", "public"."financial_records"."payment_method", "public"."financial_records"."movement_type", "public"."financial_records"."created_at", "public"."financial_records"."version", "public"."financial_records"."order_payment_id", "public"."financial_records"."user_reference", "public"."financial_records"."from_account_type", "public"."financial_records"."to_account_type", "public"."financial_records"."transaction_group_id", "public"."financial_records"."balance_before", "public"."financial_records"."balance_after", "public"."financial_records"."client_document"
[BatchDeliverOrders] Source order not in current batch, fetching from DB: c4b6be06-5985-4f8f-83fd-27b3758cb318
prisma:query SELECT "public"."orders"."id", "public"."orders"."receipt_number", "public"."orders"."sales_channel", "public"."orders"."type", "public"."orders"."brand_id", "public"."orders"."total", "public"."orders"."real_invoice_total", "public"."orders"."payment_method", "public"."orders"."bank_account_id", "public"."orders"."transaction_date", "public"."orders"."possible_delivery_date", "public"."orders"."reception_date", "public"."orders"."delivery_date", "public"."orders"."invoice_number", "public"."orders"."credit_note_number", "public"."orders"."credit_note_total", "public"."orders"."status", "public"."orders"."client_id", "public"."orders"."client_name", "public"."orders"."notes", "public"."orders"."created_at", "public"."orders"."updated_at", "public"."orders"."version", "public"."orders"."created_by_name", "public"."orders"."delivered_by_name", "public"."orders"."received_by_name", "public"."orders"."change_status", "public"."orders"."parent_order_id", "public"."orders"."tracking_guide", "public"."orders"."order_number", "public"."orders"."receipt_id", "public"."orders"."document_type", "public"."orders"."packing_number", "public"."orders"."packing_total", "public"."orders"."reception_batch_id", "public"."orders"."loyalty_redemption_id", "public"."orders"."exchange_item_id" FROM "public"."orders" WHERE ("public"."orders"."id" = $1 AND 1=1) LIMIT $2 OFFSET $3
prisma:query SELECT "public"."brands"."id", "public"."brands"."name", "public"."brands"."description", "public"."brands"."is_active", "public"."brands"."created_at" FROM "public"."brands" WHERE "public"."brands"."id" IN ($1) OFFSET $2
prisma:query INSERT INTO "public"."order_payments" ("id","order_id","amount","method","description","created_at") VALUES ($1,$2,$3,$4,$5,$6) RETURNING "public"."order_payments"."id", "public"."order_payments"."order_id", "public"."order_payments"."amount", "public"."order_payments"."method", "public"."order_payments"."reference", "public"."order_payments"."description", "public"."order_payments"."created_at", "public"."order_payments"."receipt_number", "public"."order_payments"."processing_request_id"
prisma:query INSERT INTO "public"."financial_records" ("id","type","reference_number","amount","date","client_id","client_name","order_id","created_by","notes","bank_account_id","source","payment_method","movement_type","created_at","version","from_account_type","to_account_type","transaction_group_id","balance_before","balance_after") VALUES ($1,$2,$3,$4,$5,$6,$7,$8,$9,$10,$11,$12,$13,$14,$15,$16,$17,$18,$19,$20,$21) RETURNING "public"."financial_records"."id", "public"."financial_records"."type", "public"."financial_records"."reference_number", "public"."financial_records"."amount", "public"."financial_records"."date", "public"."financial_records"."client_id", "public"."financial_records"."client_name", "public"."financial_records"."order_id", "public"."financial_records"."created_by", "public"."financial_records"."notes", "public"."financial_records"."bank_account_id", "public"."financial_records"."source", "public"."financial_records"."payment_method", "public"."financial_records"."movement_type", "public"."financial_records"."created_at", "public"."financial_records"."version", "public"."financial_records"."order_payment_id", "public"."financial_records"."user_reference", "public"."financial_records"."from_account_type", "public"."financial_records"."to_account_type", "public"."financial_records"."transaction_group_id", "public"."financial_records"."balance_before", "public"."financial_records"."balance_after", "public"."financial_records"."client_document"
prisma:query INSERT INTO "public"."financial_records" ("id","type","reference_number","amount","date","client_id","client_name","order_id","created_by","notes","bank_account_id","source","payment_method","movement_type","created_at","version","from_account_type","to_account_type","transaction_group_id","balance_before","balance_after") VALUES ($1,$2,$3,$4,$5,$6,$7,$8,$9,$10,$11,$12,$13,$14,$15,$16,$17,$18,$19,$20,$21) RETURNING "public"."financial_records"."id", "public"."financial_records"."type", "public"."financial_records"."reference_number", "public"."financial_records"."amount", "public"."financial_records"."date", "public"."financial_records"."client_id", "public"."financial_records"."client_name", "public"."financial_records"."order_id", "public"."financial_records"."created_by", "public"."financial_records"."notes", "public"."financial_records"."bank_account_id", "public"."financial_records"."source", "public"."financial_records"."payment_method", "public"."financial_records"."movement_type", "public"."financial_records"."created_at", "public"."financial_records"."version", "public"."financial_records"."order_payment_id", "public"."financial_records"."user_reference", "public"."financial_records"."from_account_type", "public"."financial_records"."to_account_type", "public"."financial_records"."transaction_group_id", "public"."financial_records"."balance_before", "public"."financial_records"."balance_after", "public"."financial_records"."client_document"
[BatchDeliverOrders] Source order not in current batch, fetching from DB: f46e1cd4-8c90-4a41-b4b5-fdaafed80b1f
prisma:query SELECT "public"."orders"."id", "public"."orders"."receipt_number", "public"."orders"."sales_channel", "public"."orders"."type", "public"."orders"."brand_id", "public"."orders"."total", "public"."orders"."real_invoice_total", "public"."orders"."payment_method", "public"."orders"."bank_account_id", "public"."orders"."transaction_date", "public"."orders"."possible_delivery_date", "public"."orders"."reception_date", "public"."orders"."delivery_date", "public"."orders"."invoice_number", "public"."orders"."credit_note_number", "public"."orders"."credit_note_total", "public"."orders"."status", "public"."orders"."client_id", "public"."orders"."client_name", "public"."orders"."notes", "public"."orders"."created_at", "public"."orders"."updated_at", "public"."orders"."version", "public"."orders"."created_by_name", "public"."orders"."delivered_by_name", "public"."orders"."received_by_name", "public"."orders"."change_status", "public"."orders"."parent_order_id", "public"."orders"."tracking_guide", "public"."orders"."order_number", "public"."orders"."receipt_id", "public"."orders"."document_type", "public"."orders"."packing_number", "public"."orders"."packing_total", "public"."orders"."reception_batch_id", "public"."orders"."loyalty_redemption_id", "public"."orders"."exchange_item_id" FROM "public"."orders" WHERE ("public"."orders"."id" = $1 AND 1=1) LIMIT $2 OFFSET $3
prisma:query SELECT "public"."brands"."id", "public"."brands"."name", "public"."brands"."description", "public"."brands"."is_active", "public"."brands"."created_at" FROM "public"."brands" WHERE "public"."brands"."id" IN ($1) OFFSET $2
prisma:query SELECT "public"."bank_accounts"."id", "public"."bank_accounts"."current_balance", "public"."bank_accounts"."version", "public"."bank_accounts"."name", "public"."bank_accounts"."type" FROM "public"."bank_accounts" WHERE ("public"."bank_accounts"."id" = $1 AND 1=1) LIMIT $2 OFFSET $3
[BatchDeliverOrder] Creating refund financial record {
  amount: 10,
  bankAccountId: 'cash-account-1',
  groupId: 'REFUND-BATCH-1774887072888-8841'
}
prisma:query INSERT INTO "public"."financial_records" ("id","type","reference_number","amount","date","client_id","client_name","order_id","created_by","notes","bank_account_id","source","payment_method","movement_type","created_at","version","from_account_type","to_account_type","transaction_group_id","balance_before","balance_after","client_document") VALUES ($1,$2,$3,$4,$5,$6,$7,$8,$9,$10,$11,$12,$13,$14,$15,$16,$17,$18,$19,$20,$21,$22) RETURNING "public"."financial_records"."id", "public"."financial_records"."type", "public"."financial_records"."reference_number", "public"."financial_records"."amount", "public"."financial_records"."date", "public"."financial_records"."client_id", "public"."financial_records"."client_name", "public"."financial_records"."order_id", "public"."financial_records"."created_by", "public"."financial_records"."notes", "public"."financial_records"."bank_account_id", "public"."financial_records"."source", "public"."financial_records"."payment_method", "public"."financial_records"."movement_type", "public"."financial_records"."created_at", "public"."financial_records"."version", "public"."financial_records"."order_payment_id", "public"."financial_records"."user_reference", "public"."financial_records"."from_account_type", "public"."financial_records"."to_account_type", "public"."financial_records"."transaction_group_id", "public"."financial_records"."balance_before", "public"."financial_records"."balance_after", "public"."financial_records"."client_document"
[BatchDeliverOrder] Decrementing bank account cash-account-1: -10
prisma:query UPDATE "public"."bank_accounts" SET "current_balance" = ("public"."bank_accounts"."current_balance" - $1), "updated_at" = $2, "version" = ("public"."bank_accounts"."version" + $3) WHERE ("public"."bank_accounts"."id" = $4 AND "public"."bank_accounts"."version" = $5)
prisma:query SELECT "public"."client_accounts"."id", "public"."client_accounts"."version" FROM "public"."client_accounts" WHERE ("public"."client_accounts"."id" = $1 AND 1=1) LIMIT $2 OFFSET $3
prisma:query UPDATE "public"."client_accounts" SET "total_orders" = $1, "total_spent" = $2, "total_credit_available" = $3, "version" = ("public"."client_accounts"."version" + $4), "updated_at" = $5 WHERE ("public"."client_accounts"."id" = $6 AND "public"."client_accounts"."version" = $7)
prisma:query COMMIT
Ô£à BatchDeliverOrders completado con ├®xito.

­ƒöì Validando resultados financieros...
prisma:query SELECT "public"."client_accounts"."id", "public"."client_accounts"."client_id", "public"."client_accounts"."total_credit_available", "public"."client_accounts"."total_reward_points", "public"."client_accounts"."total_orders", "public"."client_accounts"."total_spent", "public"."client_accounts"."reward_level", "public"."client_accounts"."created_at", "public"."client_accounts"."updated_at", "public"."client_accounts"."version" FROM "public"."client_accounts" WHERE ("public"."client_accounts"."id" = $1 AND 1=1) LIMIT $2 OFFSET $3
- Saldo Final Billetera: $-20 (Esperado: $5)
prisma:query SELECT "public"."financial_records"."id", "public"."financial_records"."type", "public"."financial_records"."reference_number", "public"."financial_records"."amount", "public"."financial_records"."date", "public"."financial_records"."client_id", "public"."financial_records"."client_name", "public"."financial_records"."order_id", "public"."financial_records"."created_by", "public"."financial_records"."notes", "public"."financial_records"."bank_account_id", "public"."financial_records"."source", "public"."financial_records"."payment_method", "public"."financial_records"."movement_type", "public"."financial_records"."created_at", "public"."financial_records"."version", "public"."financial_records"."order_payment_id", "public"."financial_records"."user_reference", "public"."financial_records"."from_account_type", "public"."financial_records"."to_account_type", "public"."financial_records"."transaction_group_id", "public"."financial_records"."balance_before", "public"."financial_records"."balance_after", "public"."financial_records"."client_document" FROM "public"."financial_records" WHERE "public"."financial_records"."client_id" = $1 ORDER BY "public"."financial_records"."date" ASC OFFSET $2

­ƒôè Detalle de Balances (Movimientos de Distribuci├│n):
  [EXPENSE] EXPENSE | $10 | Antes: 0 | Despu├®s: -10 | Notas: {"v":2,"title":"USO_BILLETERA","module":"BATCH_DELIVERY","clientDoc":"VERIFY-FIN-001","orders":[{"receiptNumber":"SRC-1-1774886992458","orderNumber":"PD-SRC-1-1774886992458","brandName":"Nike"}],"extra":"Traspaso desde esta orden hacia: TGT-1-1774886993417"}
  [PAYMENT] INCOME | $10 | Antes: 0 | Despu├®s: -10 | Notas: {"v":2,"title":"USO_BILLETERA","module":"BATCH_DELIVERY","clientDoc":"VERIFY-FIN-001","orders":[{"receiptNumber":"TGT-1-1774886993417","orderNumber":"PD-TGT-1-1774886993417","brandName":"Nike"}],"extra":"Saldo recibido desde orden: SRC-1-1774886992458"}
  [EXPENSE] EXPENSE | $5 | Antes: -10 | Despu├®s: -15 | Notas: {"v":2,"title":"USO_BILLETERA","module":"BATCH_DELIVERY","clientDoc":"VERIFY-FIN-001","orders":[{"receiptNumber":"SRC-2-1774886992837","orderNumber":"PD-SRC-2-1774886992837","brandName":"Nike"}],"extra":"Traspaso desde esta orden hacia: TGT-1-1774886993417"}
  [PAYMENT] INCOME | $5 | Antes: -10 | Despu├®s: -15 | Notas: {"v":2,"title":"USO_BILLETERA","module":"BATCH_DELIVERY","clientDoc":"VERIFY-FIN-001","orders":[{"receiptNumber":"TGT-1-1774886993417","orderNumber":"PD-TGT-1-1774886993417","brandName":"Nike"}],"extra":"Saldo recibido desde orden: SRC-2-1774886992837"}
  [CREDIT] INTERNAL | $5 | Antes: -15 | Despu├®s: -10 | Notas: {"v":2,"title":"RECARGA_BILLETERA","module":"BATCH_DELIVERY","clientDoc":"VERIFY-FIN-001","orders":[{"receiptNumber":"SRC-2-1774886992837","orderNumber":"PD-SRC-2-1774886992837","brandName":"Nike"}],"extra":"A Billetera"}
  [EXPENSE] EXPENSE | $10 | Antes: -10 | Despu├®s: -20 | Notas: {"v":2,"title":"USO_BILLETERA","module":"BATCH_DELIVERY","clientDoc":"VERIFY-FIN-001","orders":[{"receiptNumber":"SRC-3-1774886993033","orderNumber":"PD-SRC-3-1774886993033","brandName":"Nike"}],"extra":"Traspaso desde esta orden hacia: TGT-2-1774886993607"}
  [PAYMENT] INCOME | $10 | Antes: -10 | Despu├®s: -20 | Notas: {"v":2,"title":"USO_BILLETERA","module":"BATCH_DELIVERY","clientDoc":"VERIFY-FIN-001","orders":[{"receiptNumber":"TGT-2-1774886993607","orderNumber":"PD-TGT-2-1774886993607","brandName":"Nike"}],"extra":"Saldo recibido desde orden: SRC-3-1774886993033"}
  [CREDIT_APPLICATION] EXPENSE | $10 | Antes: 1005 | Despu├®s: 995 | Notas: {"v":2,"title":"DEVOLUCION","module":"BATCH_DELIVERY","clientDoc":"VERIFY-FIN-001","orders":[{"receiptNumber":"SRC-4-1774886993225","orderNumber":"PD-SRC-4-1774886993225","brandName":"Nike"}],"extra":"Devolucion Efectivo"}
  [EXPENSE] EXPENSE | $10 | Antes: 0 | Despu├®s: -10 | Notas: {"v":2,"title":"USO_BILLETERA","module":"BATCH_DELIVERY","clientDoc":"VERIFY-FIN-001","orders":[{"receiptNumber":"SRC-1-1774887066025","orderNumber":"PD-SRC-1-1774887066025","brandName":"Nike"}],"extra":"Traspaso desde esta orden hacia: TGT-1-1774887067010"}
  [PAYMENT] INCOME | $10 | Antes: 0 | Despu├®s: -10 | Notas: {"v":2,"title":"USO_BILLETERA","module":"BATCH_DELIVERY","clientDoc":"VERIFY-FIN-001","orders":[{"receiptNumber":"TGT-1-1774887067010","orderNumber":"PD-TGT-1-1774887067010","brandName":"Nike"}],"extra":"Saldo recibido desde orden: SRC-1-1774887066025"}
  [EXPENSE] EXPENSE | $5 | Antes: -10 | Despu├®s: -15 | Notas: {"v":2,"title":"USO_BILLETERA","module":"BATCH_DELIVERY","clientDoc":"VERIFY-FIN-001","orders":[{"receiptNumber":"SRC-2-1774887066410","orderNumber":"PD-SRC-2-1774887066410","brandName":"Nike"}],"extra":"Traspaso desde esta orden hacia: TGT-1-1774887067010"}
  [PAYMENT] INCOME | $5 | Antes: -10 | Despu├®s: -15 | Notas: {"v":2,"title":"USO_BILLETERA","module":"BATCH_DELIVERY","clientDoc":"VERIFY-FIN-001","orders":[{"receiptNumber":"TGT-1-1774887067010","orderNumber":"PD-TGT-1-1774887067010","brandName":"Nike"}],"extra":"Saldo recibido desde orden: SRC-2-1774887066410"}
  [CREDIT] INTERNAL | $5 | Antes: -15 | Despu├®s: -10 | Notas: {"v":2,"title":"RECARGA_BILLETERA","module":"BATCH_DELIVERY","clientDoc":"VERIFY-FIN-001","orders":[{"receiptNumber":"SRC-2-1774887066410","orderNumber":"PD-SRC-2-1774887066410","brandName":"Nike"}],"extra":"A Billetera"}
  [EXPENSE] EXPENSE | $10 | Antes: -10 | Despu├®s: -20 | Notas: {"v":2,"title":"USO_BILLETERA","module":"BATCH_DELIVERY","clientDoc":"VERIFY-FIN-001","orders":[{"receiptNumber":"SRC-3-1774887066610","orderNumber":"PD-SRC-3-1774887066610","brandName":"Nike"}],"extra":"Traspaso desde esta orden hacia: TGT-2-1774887067203"}
  [PAYMENT] INCOME | $10 | Antes: -10 | Despu├®s: -20 | Notas: {"v":2,"title":"USO_BILLETERA","module":"BATCH_DELIVERY","clientDoc":"VERIFY-FIN-001","orders":[{"receiptNumber":"TGT-2-1774887067203","orderNumber":"PD-TGT-2-1774887067203","brandName":"Nike"}],"extra":"Saldo recibido desde orden: SRC-3-1774887066610"}
  [CREDIT_APPLICATION] EXPENSE | $10 | Antes: 1000 | Despu├®s: 990 | Notas: {"v":2,"title":"DEVOLUCION","module":"BATCH_DELIVERY","clientDoc":"VERIFY-FIN-001","orders":[{"receiptNumber":"SRC-4-1774887066810","orderNumber":"PD-SRC-4-1774887066810","brandName":"Nike"}],"extra":"Devolucion Efectivo"}

Ô£¿ Validaci├│n finalizada.

